// Jest Snapshot v1, https://goo.gl/fbAQLP

exports[`AboutView Coincide con el snapshot 1`] = `
<div>
  <h1>
    Vista de Contacto
  </h1>
  <p>
    Â¡Hola! Soy el contenido de la vista de contacto.
  </p>
</div>
`;
